[2025-09-10 10:00:20] DEPRECATED: Direct access to global variable $conn is deprecated. Use globals()->getDatabase() instead. in C:\laragon\www\MechaEmpire\system\deprecation.php on line 119
[2025-09-10 10:00:20] DEPRECATED: Direct access to global variable $base_url is deprecated. Use globals()->getBaseUrl() instead. in C:\laragon\www\MechaEmpire\system\deprecation.php on line 119
[2025-09-10 10:00:20] DEPRECATED: Direct access to global variable $title is deprecated. Use globals()->getSiteConfig("title") instead. in C:\laragon\www\MechaEmpire\system\deprecation.php on line 119
[2025-09-10 10:00:20] DEPRECATED: Direct access to global variable $description is deprecated. Use globals()->getSiteConfig("description") instead. in C:\laragon\www\MechaEmpire\system\deprecation.php on line 119
[2025-09-10 10:00:20] DEPRECATED: Direct access to global variable $logo is deprecated. Use globals()->getSiteConfig("logo") instead. in C:\laragon\www\MechaEmpire\system\deprecation.php on line 119
[2025-09-10 10:00:20] DEPRECATED: Direct access to global variable $maintainance is deprecated. Use globals()->isMaintenanceMode() instead. in C:\laragon\www\MechaEmpire\system\deprecation.php on line 119
[2025-09-10 10:00:21] DEPRECATED: Direct access to global variable $conn is deprecated. Use globals()->getDatabase() instead. in C:\laragon\www\MechaEmpire\system\deprecation.php on line 119
[2025-09-10 10:00:21] DEPRECATED: Direct access to global variable $base_url is deprecated. Use globals()->getBaseUrl() instead. in C:\laragon\www\MechaEmpire\system\deprecation.php on line 119
[2025-09-10 10:00:21] DEPRECATED: Direct access to global variable $title is deprecated. Use globals()->getSiteConfig("title") instead. in C:\laragon\www\MechaEmpire\system\deprecation.php on line 119
[2025-09-10 10:00:21] DEPRECATED: Direct access to global variable $description is deprecated. Use globals()->getSiteConfig("description") instead. in C:\laragon\www\MechaEmpire\system\deprecation.php on line 119
[2025-09-10 10:00:21] DEPRECATED: Direct access to global variable $logo is deprecated. Use globals()->getSiteConfig("logo") instead. in C:\laragon\www\MechaEmpire\system\deprecation.php on line 119
[2025-09-10 10:00:21] DEPRECATED: Direct access to global variable $maintainance is deprecated. Use globals()->isMaintenanceMode() instead. in C:\laragon\www\MechaEmpire\system\deprecation.php on line 119
[2025-09-10 10:00:21] DEPRECATED: Direct access to global variable $conn is deprecated. Use globals()->getDatabase() instead. in C:\laragon\www\MechaEmpire\system\deprecation.php on line 119
[2025-09-10 10:00:21] DEPRECATED: Direct access to global variable $base_url is deprecated. Use globals()->getBaseUrl() instead. in C:\laragon\www\MechaEmpire\system\deprecation.php on line 119
[2025-09-10 10:00:21] DEPRECATED: Direct access to global variable $title is deprecated. Use globals()->getSiteConfig("title") instead. in C:\laragon\www\MechaEmpire\system\deprecation.php on line 119
[2025-09-10 10:00:21] DEPRECATED: Direct access to global variable $description is deprecated. Use globals()->getSiteConfig("description") instead. in C:\laragon\www\MechaEmpire\system\deprecation.php on line 119
[2025-09-10 10:00:21] DEPRECATED: Direct access to global variable $logo is deprecated. Use globals()->getSiteConfig("logo") instead. in C:\laragon\www\MechaEmpire\system\deprecation.php on line 119
[2025-09-10 10:00:21] DEPRECATED: Direct access to global variable $maintainance is deprecated. Use globals()->isMaintenanceMode() instead. in C:\laragon\www\MechaEmpire\system\deprecation.php on line 119
[2025-09-10 10:00:21] DEPRECATED: Direct access to global variable $conn is deprecated. Use globals()->getDatabase() instead. in C:\laragon\www\MechaEmpire\system\deprecation.php on line 119
[2025-09-10 10:00:21] DEPRECATED: Direct access to global variable $base_url is deprecated. Use globals()->getBaseUrl() instead. in C:\laragon\www\MechaEmpire\system\deprecation.php on line 119
[2025-09-10 10:00:21] DEPRECATED: Direct access to global variable $title is deprecated. Use globals()->getSiteConfig("title") instead. in C:\laragon\www\MechaEmpire\system\deprecation.php on line 119
[2025-09-10 10:00:21] DEPRECATED: Direct access to global variable $description is deprecated. Use globals()->getSiteConfig("description") instead. in C:\laragon\www\MechaEmpire\system\deprecation.php on line 119
[2025-09-10 10:00:21] DEPRECATED: Direct access to global variable $logo is deprecated. Use globals()->getSiteConfig("logo") instead. in C:\laragon\www\MechaEmpire\system\deprecation.php on line 119
[2025-09-10 10:00:21] DEPRECATED: Direct access to global variable $maintainance is deprecated. Use globals()->isMaintenanceMode() instead. in C:\laragon\www\MechaEmpire\system\deprecation.php on line 119
[2025-09-10 10:00:29] DEPRECATED: Direct access to global variable $conn is deprecated. Use globals()->getDatabase() instead. in C:\laragon\www\MechaEmpire\system\deprecation.php on line 119
[2025-09-10 10:00:29] DEPRECATED: Direct access to global variable $base_url is deprecated. Use globals()->getBaseUrl() instead. in C:\laragon\www\MechaEmpire\system\deprecation.php on line 119
[2025-09-10 10:00:29] DEPRECATED: Direct access to global variable $title is deprecated. Use globals()->getSiteConfig("title") instead. in C:\laragon\www\MechaEmpire\system\deprecation.php on line 119
[2025-09-10 10:00:29] DEPRECATED: Direct access to global variable $description is deprecated. Use globals()->getSiteConfig("description") instead. in C:\laragon\www\MechaEmpire\system\deprecation.php on line 119
[2025-09-10 10:00:29] DEPRECATED: Direct access to global variable $logo is deprecated. Use globals()->getSiteConfig("logo") instead. in C:\laragon\www\MechaEmpire\system\deprecation.php on line 119
[2025-09-10 10:00:29] DEPRECATED: Direct access to global variable $maintainance is deprecated. Use globals()->isMaintenanceMode() instead. in C:\laragon\www\MechaEmpire\system\deprecation.php on line 119
[2025-09-10 10:00:31] DEPRECATED: Direct access to global variable $conn is deprecated. Use globals()->getDatabase() instead. in C:\laragon\www\MechaEmpire\system\deprecation.php on line 119
[2025-09-10 10:00:31] DEPRECATED: Direct access to global variable $base_url is deprecated. Use globals()->getBaseUrl() instead. in C:\laragon\www\MechaEmpire\system\deprecation.php on line 119
[2025-09-10 10:00:31] DEPRECATED: Direct access to global variable $title is deprecated. Use globals()->getSiteConfig("title") instead. in C:\laragon\www\MechaEmpire\system\deprecation.php on line 119
[2025-09-10 10:00:31] DEPRECATED: Direct access to global variable $description is deprecated. Use globals()->getSiteConfig("description") instead. in C:\laragon\www\MechaEmpire\system\deprecation.php on line 119
[2025-09-10 10:00:31] DEPRECATED: Direct access to global variable $logo is deprecated. Use globals()->getSiteConfig("logo") instead. in C:\laragon\www\MechaEmpire\system\deprecation.php on line 119
[2025-09-10 10:00:31] DEPRECATED: Direct access to global variable $maintainance is deprecated. Use globals()->isMaintenanceMode() instead. in C:\laragon\www\MechaEmpire\system\deprecation.php on line 119
[2025-09-10 10:00:32] DEPRECATED: Direct access to global variable $conn is deprecated. Use globals()->getDatabase() instead. in C:\laragon\www\MechaEmpire\system\deprecation.php on line 119
[2025-09-10 10:00:32] DEPRECATED: Direct access to global variable $base_url is deprecated. Use globals()->getBaseUrl() instead. in C:\laragon\www\MechaEmpire\system\deprecation.php on line 119
[2025-09-10 10:00:32] DEPRECATED: Direct access to global variable $title is deprecated. Use globals()->getSiteConfig("title") instead. in C:\laragon\www\MechaEmpire\system\deprecation.php on line 119
[2025-09-10 10:00:32] DEPRECATED: Direct access to global variable $description is deprecated. Use globals()->getSiteConfig("description") instead. in C:\laragon\www\MechaEmpire\system\deprecation.php on line 119
[2025-09-10 10:00:32] DEPRECATED: Direct access to global variable $logo is deprecated. Use globals()->getSiteConfig("logo") instead. in C:\laragon\www\MechaEmpire\system\deprecation.php on line 119
[2025-09-10 10:00:32] DEPRECATED: Direct access to global variable $maintainance is deprecated. Use globals()->isMaintenanceMode() instead. in C:\laragon\www\MechaEmpire\system\deprecation.php on line 119
[2025-09-10 10:00:37] DEPRECATED: Direct access to global variable $conn is deprecated. Use globals()->getDatabase() instead. in C:\laragon\www\MechaEmpire\system\deprecation.php on line 119
[2025-09-10 10:00:37] DEPRECATED: Direct access to global variable $base_url is deprecated. Use globals()->getBaseUrl() instead. in C:\laragon\www\MechaEmpire\system\deprecation.php on line 119
[2025-09-10 10:00:37] DEPRECATED: Direct access to global variable $title is deprecated. Use globals()->getSiteConfig("title") instead. in C:\laragon\www\MechaEmpire\system\deprecation.php on line 119
[2025-09-10 10:00:37] DEPRECATED: Direct access to global variable $description is deprecated. Use globals()->getSiteConfig("description") instead. in C:\laragon\www\MechaEmpire\system\deprecation.php on line 119
[2025-09-10 10:00:37] DEPRECATED: Direct access to global variable $logo is deprecated. Use globals()->getSiteConfig("logo") instead. in C:\laragon\www\MechaEmpire\system\deprecation.php on line 119
[2025-09-10 10:00:37] DEPRECATED: Direct access to global variable $maintainance is deprecated. Use globals()->isMaintenanceMode() instead. in C:\laragon\www\MechaEmpire\system\deprecation.php on line 119
[2025-09-10 10:00:40] DEPRECATED: Direct access to global variable $conn is deprecated. Use globals()->getDatabase() instead. in C:\laragon\www\MechaEmpire\system\deprecation.php on line 119
[2025-09-10 10:00:40] DEPRECATED: Direct access to global variable $base_url is deprecated. Use globals()->getBaseUrl() instead. in C:\laragon\www\MechaEmpire\system\deprecation.php on line 119
[2025-09-10 10:00:40] DEPRECATED: Direct access to global variable $title is deprecated. Use globals()->getSiteConfig("title") instead. in C:\laragon\www\MechaEmpire\system\deprecation.php on line 119
[2025-09-10 10:00:40] DEPRECATED: Direct access to global variable $description is deprecated. Use globals()->getSiteConfig("description") instead. in C:\laragon\www\MechaEmpire\system\deprecation.php on line 119
[2025-09-10 10:00:40] DEPRECATED: Direct access to global variable $logo is deprecated. Use globals()->getSiteConfig("logo") instead. in C:\laragon\www\MechaEmpire\system\deprecation.php on line 119
[2025-09-10 10:00:40] DEPRECATED: Direct access to global variable $maintainance is deprecated. Use globals()->isMaintenanceMode() instead. in C:\laragon\www\MechaEmpire\system\deprecation.php on line 119
[2025-09-10 10:00:43] DEPRECATED: Direct access to global variable $conn is deprecated. Use globals()->getDatabase() instead. in C:\laragon\www\MechaEmpire\system\deprecation.php on line 119
[2025-09-10 10:00:43] DEPRECATED: Direct access to global variable $base_url is deprecated. Use globals()->getBaseUrl() instead. in C:\laragon\www\MechaEmpire\system\deprecation.php on line 119
[2025-09-10 10:00:43] DEPRECATED: Direct access to global variable $title is deprecated. Use globals()->getSiteConfig("title") instead. in C:\laragon\www\MechaEmpire\system\deprecation.php on line 119
[2025-09-10 10:00:43] DEPRECATED: Direct access to global variable $description is deprecated. Use globals()->getSiteConfig("description") instead. in C:\laragon\www\MechaEmpire\system\deprecation.php on line 119
[2025-09-10 10:00:43] DEPRECATED: Direct access to global variable $logo is deprecated. Use globals()->getSiteConfig("logo") instead. in C:\laragon\www\MechaEmpire\system\deprecation.php on line 119
[2025-09-10 10:00:43] DEPRECATED: Direct access to global variable $maintainance is deprecated. Use globals()->isMaintenanceMode() instead. in C:\laragon\www\MechaEmpire\system\deprecation.php on line 119
[2025-09-10 10:00:58] DEPRECATED: Direct access to global variable $conn is deprecated. Use globals()->getDatabase() instead. in C:\laragon\www\MechaEmpire\system\deprecation.php on line 119
[2025-09-10 10:00:58] DEPRECATED: Direct access to global variable $base_url is deprecated. Use globals()->getBaseUrl() instead. in C:\laragon\www\MechaEmpire\system\deprecation.php on line 119
[2025-09-10 10:00:58] DEPRECATED: Direct access to global variable $title is deprecated. Use globals()->getSiteConfig("title") instead. in C:\laragon\www\MechaEmpire\system\deprecation.php on line 119
[2025-09-10 10:00:58] DEPRECATED: Direct access to global variable $description is deprecated. Use globals()->getSiteConfig("description") instead. in C:\laragon\www\MechaEmpire\system\deprecation.php on line 119
[2025-09-10 10:00:58] DEPRECATED: Direct access to global variable $logo is deprecated. Use globals()->getSiteConfig("logo") instead. in C:\laragon\www\MechaEmpire\system\deprecation.php on line 119
[2025-09-10 10:00:58] DEPRECATED: Direct access to global variable $maintainance is deprecated. Use globals()->isMaintenanceMode() instead. in C:\laragon\www\MechaEmpire\system\deprecation.php on line 119
[2025-09-10 10:09:16] DEPRECATED: Direct access to global variable $conn is deprecated. Use globals()->getDatabase() instead. in C:\laragon\www\MechaEmpire\system\deprecation.php on line 119
[2025-09-10 10:09:16] DEPRECATED: Direct access to global variable $base_url is deprecated. Use globals()->getBaseUrl() instead. in C:\laragon\www\MechaEmpire\system\deprecation.php on line 119
[2025-09-10 10:09:16] DEPRECATED: Direct access to global variable $title is deprecated. Use globals()->getSiteConfig("title") instead. in C:\laragon\www\MechaEmpire\system\deprecation.php on line 119
[2025-09-10 10:09:16] DEPRECATED: Direct access to global variable $description is deprecated. Use globals()->getSiteConfig("description") instead. in C:\laragon\www\MechaEmpire\system\deprecation.php on line 119
[2025-09-10 10:09:16] DEPRECATED: Direct access to global variable $logo is deprecated. Use globals()->getSiteConfig("logo") instead. in C:\laragon\www\MechaEmpire\system\deprecation.php on line 119
[2025-09-10 10:09:16] DEPRECATED: Direct access to global variable $maintainance is deprecated. Use globals()->isMaintenanceMode() instead. in C:\laragon\www\MechaEmpire\system\deprecation.php on line 119
[2025-09-10 10:11:38] DEPRECATED: Direct access to global variable $conn is deprecated. Use globals()->getDatabase() instead. in C:\laragon\www\MechaEmpire\system\deprecation.php on line 119
[2025-09-10 10:11:38] DEPRECATED: Direct access to global variable $base_url is deprecated. Use globals()->getBaseUrl() instead. in C:\laragon\www\MechaEmpire\system\deprecation.php on line 119
[2025-09-10 10:11:38] DEPRECATED: Direct access to global variable $title is deprecated. Use globals()->getSiteConfig("title") instead. in C:\laragon\www\MechaEmpire\system\deprecation.php on line 119
[2025-09-10 10:11:38] DEPRECATED: Direct access to global variable $description is deprecated. Use globals()->getSiteConfig("description") instead. in C:\laragon\www\MechaEmpire\system\deprecation.php on line 119
[2025-09-10 10:11:38] DEPRECATED: Direct access to global variable $logo is deprecated. Use globals()->getSiteConfig("logo") instead. in C:\laragon\www\MechaEmpire\system\deprecation.php on line 119
[2025-09-10 10:11:38] DEPRECATED: Direct access to global variable $maintainance is deprecated. Use globals()->isMaintenanceMode() instead. in C:\laragon\www\MechaEmpire\system\deprecation.php on line 119
[2025-09-10 10:12:12] DEPRECATED: Direct access to global variable $conn is deprecated. Use globals()->getDatabase() instead. in C:\laragon\www\MechaEmpire\system\deprecation.php on line 119
[2025-09-10 10:12:12] DEPRECATED: Direct access to global variable $base_url is deprecated. Use globals()->getBaseUrl() instead. in C:\laragon\www\MechaEmpire\system\deprecation.php on line 119
[2025-09-10 10:12:12] DEPRECATED: Direct access to global variable $title is deprecated. Use globals()->getSiteConfig("title") instead. in C:\laragon\www\MechaEmpire\system\deprecation.php on line 119
[2025-09-10 10:12:12] DEPRECATED: Direct access to global variable $description is deprecated. Use globals()->getSiteConfig("description") instead. in C:\laragon\www\MechaEmpire\system\deprecation.php on line 119
[2025-09-10 10:12:12] DEPRECATED: Direct access to global variable $logo is deprecated. Use globals()->getSiteConfig("logo") instead. in C:\laragon\www\MechaEmpire\system\deprecation.php on line 119
[2025-09-10 10:12:12] DEPRECATED: Direct access to global variable $maintainance is deprecated. Use globals()->isMaintenanceMode() instead. in C:\laragon\www\MechaEmpire\system\deprecation.php on line 119
